0 verbose cli /usr/local/bin/node /usr/local/bin/npm
1 info using npm@10.9.3
2 info using node@v22.20.0
3 silly config load:file:/usr/local/lib/node_modules/npm/npmrc
4 silly config load:file:/Users/mac/Desktop/accezz-supabase/.npmrc
5 silly config load:file:/Users/mac/.npmrc
6 silly config load:file:/usr/local/etc/npmrc
7 verbose title npm install next@15.3.8
8 verbose argv "install" "next@15.3.8"
9 verbose logfile logs-max:10 dir:/Users/mac/Desktop/accezz-supabase/.npm-cache/_logs/2025-12-12T14_02_08_762Z-
10 verbose logfile /Users/mac/Desktop/accezz-supabase/.npm-cache/_logs/2025-12-12T14_02_08_762Z-debug-0.log
11 silly logfile start cleaning logs, removing 1 files
12 silly packumentCache heap:4345298944 maxSize:1086324736 maxEntrySize:543162368
13 silly logfile done cleaning log files
14 silly idealTree buildDeps
15 silly fetch manifest next@15.3.8
16 silly packumentCache full:https://registry.npmjs.org/next cache-miss
17 http cache https://registry.npmjs.org/next 109ms (cache hit)
18 silly packumentCache full:https://registry.npmjs.org/next set size:28019532 disposed:false
19 silly fetch manifest @opentelemetry/api@^1.1.0
20 silly packumentCache full:https://registry.npmjs.org/@opentelemetry%2fapi cache-miss
21 http fetch GET 200 https://registry.npmjs.org/@opentelemetry%2fapi 3220ms (cache revalidated)
22 silly packumentCache full:https://registry.npmjs.org/@opentelemetry%2fapi set size:455567 disposed:false
23 silly fetch manifest @playwright/test@^1.41.2
24 silly packumentCache full:https://registry.npmjs.org/@playwright%2ftest cache-miss
25 http fetch GET 200 https://registry.npmjs.org/@playwright%2ftest 316ms (cache revalidated)
26 silly packumentCache full:https://registry.npmjs.org/@playwright%2ftest set size:8532101 disposed:false
27 silly fetch manifest babel-plugin-react-compiler@*
28 silly packumentCache full:https://registry.npmjs.org/babel-plugin-react-compiler cache-miss
29 http fetch GET 200 https://registry.npmjs.org/babel-plugin-react-compiler 282ms (cache revalidated)
30 silly packumentCache full:https://registry.npmjs.org/babel-plugin-react-compiler set size:1154761 disposed:false
31 silly fetch manifest react@^19.2.3
32 silly packumentCache full:https://registry.npmjs.org/react cache-miss
33 http fetch GET 200 https://registry.npmjs.org/react 272ms (cache revalidated)
34 silly packumentCache full:https://registry.npmjs.org/react set size:6344067 disposed:false
35 silly fetch manifest react-dom@^19.2.3
36 silly packumentCache full:https://registry.npmjs.org/react-dom cache-miss
37 http fetch GET 200 https://registry.npmjs.org/react-dom 291ms (cache revalidated)
38 silly packumentCache full:https://registry.npmjs.org/react-dom set size:8342628 disposed:false
39 silly fetch manifest sass@^1.3.0
40 silly packumentCache full:https://registry.npmjs.org/sass cache-miss
41 http fetch GET 200 https://registry.npmjs.org/sass 278ms (cache revalidated)
42 silly packumentCache full:https://registry.npmjs.org/sass set size:713692 disposed:false
43 silly placeDep ROOT next@15.3.8 REPLACE for: Accezz@0.2.0 want: 15.3.8
44 silly fetch manifest @next/env@15.3.8
45 silly packumentCache full:https://registry.npmjs.org/@next%2fenv cache-miss
46 http fetch GET 200 https://registry.npmjs.org/@next%2fenv 306ms (cache revalidated)
47 silly packumentCache full:https://registry.npmjs.org/@next%2fenv set size:6654555 disposed:false
48 silly fetch manifest @opentelemetry/core@^2.0.0
49 silly packumentCache full:https://registry.npmjs.org/@opentelemetry%2fcore cache-miss
50 http fetch GET 200 https://registry.npmjs.org/@opentelemetry%2fcore 293ms (cache revalidated)
51 silly packumentCache full:https://registry.npmjs.org/@opentelemetry%2fcore set size:789177 disposed:false
52 silly fetch manifest @opentelemetry/api@^1.4.1
53 silly packumentCache full:https://registry.npmjs.org/@opentelemetry%2fapi cache-hit
54 warn ERESOLVE overriding peer dependency {
54 warn ERESOLVE   code: 'ERESOLVE',
54 warn ERESOLVE   edge: {
54 warn ERESOLVE     type: 'peer',
54 warn ERESOLVE     name: '@opentelemetry/core',
54 warn ERESOLVE     spec: '^2.0.0',
54 warn ERESOLVE     error: 'PEER LOCAL',
54 warn ERESOLVE     from: {
54 warn ERESOLVE       name: '@opentelemetry/auto-instrumentations-node',
54 warn ERESOLVE       version: '0.66.0',
54 warn ERESOLVE       location: 'node_modules/@opentelemetry/auto-instrumentations-node',
54 warn ERESOLVE       isWorkspace: false,
54 warn ERESOLVE       dependents: [Array]
54 warn ERESOLVE     }
54 warn ERESOLVE   },
54 warn ERESOLVE   dep: {
54 warn ERESOLVE     name: '@opentelemetry/core',
54 warn ERESOLVE     version: '2.2.0',
54 warn ERESOLVE     whileInstalling: {
54 warn ERESOLVE       name: '@opentelemetry/auto-instrumentations-node',
54 warn ERESOLVE       version: '0.66.0',
54 warn ERESOLVE       path: '/Users/mac/Desktop/accezz-supabase/node_modules/@opentelemetry/auto-instrumentations-node'
54 warn ERESOLVE     },
54 warn ERESOLVE     location: 'node_modules/@opentelemetry/core',
54 warn ERESOLVE     isWorkspace: false,
54 warn ERESOLVE     dependents: [ [Object] ]
54 warn ERESOLVE   },
54 warn ERESOLVE   force: false,
54 warn ERESOLVE   isMine: false,
54 warn ERESOLVE   strictPeerDeps: false,
54 warn ERESOLVE   current: {
54 warn ERESOLVE     name: '@opentelemetry/core',
54 warn ERESOLVE     version: '2.2.0',
54 warn ERESOLVE     location: 'node_modules/@opentelemetry/auto-instrumentations-node/node_modules/@opentelemetry/core',
54 warn ERESOLVE     isWorkspace: false,
54 warn ERESOLVE     dependents: [ [Object] ]
54 warn ERESOLVE   },
54 warn ERESOLVE   peerConflict: {
54 warn ERESOLVE     current: {
54 warn ERESOLVE       name: '@opentelemetry/core',
54 warn ERESOLVE       version: '2.2.0',
54 warn ERESOLVE       location: 'node_modules/@opentelemetry/auto-instrumentations-node/node_modules/@opentelemetry/core',
54 warn ERESOLVE       isWorkspace: false,
54 warn ERESOLVE       dependents: [Array]
54 warn ERESOLVE     },
54 warn ERESOLVE     peer: {
54 warn ERESOLVE       name: '@opentelemetry/core',
54 warn ERESOLVE       version: '2.2.0',
54 warn ERESOLVE       whileInstalling: [Object],
54 warn ERESOLVE       location: 'node_modules/@opentelemetry/core',
54 warn ERESOLVE       isWorkspace: false,
54 warn ERESOLVE       dependents: [Array]
54 warn ERESOLVE     }
54 warn ERESOLVE   }
54 warn ERESOLVE }
55 silly fetch manifest typescript@>=4.8.4 <5.8.0
56 silly packumentCache full:https://registry.npmjs.org/typescript cache-miss
57 http fetch GET 200 https://registry.npmjs.org/typescript 351ms (cache revalidated)
58 silly packumentCache full:https://registry.npmjs.org/typescript set size:15001790 disposed:false
59 warn ERESOLVE overriding peer dependency {
59 warn ERESOLVE   code: 'ERESOLVE',
59 warn ERESOLVE   edge: {
59 warn ERESOLVE     type: 'peer',
59 warn ERESOLVE     name: 'typescript',
59 warn ERESOLVE     spec: '>=4.8.4 <5.8.0',
59 warn ERESOLVE     error: 'INVALID',
59 warn ERESOLVE     from: {
59 warn ERESOLVE       name: '@typescript-eslint/eslint-plugin',
59 warn ERESOLVE       version: '8.18.2',
59 warn ERESOLVE       location: 'node_modules/@typescript-eslint/eslint-plugin',
59 warn ERESOLVE       isWorkspace: false,
59 warn ERESOLVE       dependents: [Array]
59 warn ERESOLVE     }
59 warn ERESOLVE   },
59 warn ERESOLVE   dep: {
59 warn ERESOLVE     name: 'typescript',
59 warn ERESOLVE     version: '5.7.3',
59 warn ERESOLVE     whileInstalling: {
59 warn ERESOLVE       name: '@typescript-eslint/eslint-plugin',
59 warn ERESOLVE       version: '8.18.2',
59 warn ERESOLVE       path: '/Users/mac/Desktop/accezz-supabase/node_modules/@typescript-eslint/eslint-plugin'
59 warn ERESOLVE     },
59 warn ERESOLVE     location: 'node_modules/typescript',
59 warn ERESOLVE     isWorkspace: false,
59 warn ERESOLVE     dependents: [ [Object] ]
59 warn ERESOLVE   },
59 warn ERESOLVE   force: false,
59 warn ERESOLVE   isMine: false,
59 warn ERESOLVE   strictPeerDeps: false,
59 warn ERESOLVE   current: {
59 warn ERESOLVE     name: 'typescript',
59 warn ERESOLVE     version: '5.9.3',
59 warn ERESOLVE     location: 'node_modules/typescript',
59 warn ERESOLVE     isWorkspace: false,
59 warn ERESOLVE     dependents: [ [Object], [Object], [Object], [Object], [Object] ]
59 warn ERESOLVE   },
59 warn ERESOLVE   peerConflict: {
59 warn ERESOLVE     current: {
59 warn ERESOLVE       name: 'typescript',
59 warn ERESOLVE       version: '5.9.3',
59 warn ERESOLVE       location: 'node_modules/typescript',
59 warn ERESOLVE       isWorkspace: false,
59 warn ERESOLVE       dependents: [Array]
59 warn ERESOLVE     },
59 warn ERESOLVE     peer: {
59 warn ERESOLVE       name: 'typescript',
59 warn ERESOLVE       version: '5.7.3',
59 warn ERESOLVE       whileInstalling: [Object],
59 warn ERESOLVE       location: 'node_modules/typescript',
59 warn ERESOLVE       isWorkspace: false,
59 warn ERESOLVE       dependents: [Array]
59 warn ERESOLVE     }
59 warn ERESOLVE   }
59 warn ERESOLVE }
60 warn ERESOLVE overriding peer dependency {
60 warn ERESOLVE   code: 'ERESOLVE',
60 warn ERESOLVE   edge: {
60 warn ERESOLVE     type: 'peer',
60 warn ERESOLVE     name: 'typescript',
60 warn ERESOLVE     spec: '>=4.8.4 <5.8.0',
60 warn ERESOLVE     error: 'INVALID',
60 warn ERESOLVE     from: {
60 warn ERESOLVE       name: '@typescript-eslint/parser',
60 warn ERESOLVE       version: '8.18.2',
60 warn ERESOLVE       location: 'node_modules/@typescript-eslint/parser',
60 warn ERESOLVE       isWorkspace: false,
60 warn ERESOLVE       dependents: [Array]
60 warn ERESOLVE     }
60 warn ERESOLVE   },
60 warn ERESOLVE   dep: {
60 warn ERESOLVE     name: 'typescript',
60 warn ERESOLVE     version: '5.7.3',
60 warn ERESOLVE     whileInstalling: {
60 warn ERESOLVE       name: '@typescript-eslint/parser',
60 warn ERESOLVE       version: '8.18.2',
60 warn ERESOLVE       path: '/Users/mac/Desktop/accezz-supabase/node_modules/@typescript-eslint/parser'
60 warn ERESOLVE     },
60 warn ERESOLVE     location: 'node_modules/typescript',
60 warn ERESOLVE     isWorkspace: false,
60 warn ERESOLVE     dependents: [ [Object] ]
60 warn ERESOLVE   },
60 warn ERESOLVE   force: false,
60 warn ERESOLVE   isMine: false,
60 warn ERESOLVE   strictPeerDeps: false,
60 warn ERESOLVE   current: {
60 warn ERESOLVE     name: 'typescript',
60 warn ERESOLVE     version: '5.9.3',
60 warn ERESOLVE     location: 'node_modules/typescript',
60 warn ERESOLVE     isWorkspace: false,
60 warn ERESOLVE     dependents: [ [Object], [Object], [Object], [Object], [Object] ]
60 warn ERESOLVE   },
60 warn ERESOLVE   peerConflict: {
60 warn ERESOLVE     current: {
60 warn ERESOLVE       name: 'typescript',
60 warn ERESOLVE       version: '5.9.3',
60 warn ERESOLVE       location: 'node_modules/typescript',
60 warn ERESOLVE       isWorkspace: false,
60 warn ERESOLVE       dependents: [Array]
60 warn ERESOLVE     },
60 warn ERESOLVE     peer: {
60 warn ERESOLVE       name: 'typescript',
60 warn ERESOLVE       version: '5.7.3',
60 warn ERESOLVE       whileInstalling: [Object],
60 warn ERESOLVE       location: 'node_modules/typescript',
60 warn ERESOLVE       isWorkspace: false,
60 warn ERESOLVE       dependents: [Array]
60 warn ERESOLVE     }
60 warn ERESOLVE   }
60 warn ERESOLVE }
61 warn ERESOLVE overriding peer dependency {
61 warn ERESOLVE   code: 'ERESOLVE',
61 warn ERESOLVE   edge: {
61 warn ERESOLVE     type: 'peer',
61 warn ERESOLVE     name: 'typescript',
61 warn ERESOLVE     spec: '>=4.8.4 <5.8.0',
61 warn ERESOLVE     error: 'INVALID',
61 warn ERESOLVE     from: {
61 warn ERESOLVE       name: '@typescript-eslint/type-utils',
61 warn ERESOLVE       version: '8.18.2',
61 warn ERESOLVE       location: 'node_modules/@typescript-eslint/type-utils',
61 warn ERESOLVE       isWorkspace: false,
61 warn ERESOLVE       dependents: [Array]
61 warn ERESOLVE     }
61 warn ERESOLVE   },
61 warn ERESOLVE   dep: {
61 warn ERESOLVE     name: 'typescript',
61 warn ERESOLVE     version: '5.7.3',
61 warn ERESOLVE     whileInstalling: {
61 warn ERESOLVE       name: '@typescript-eslint/type-utils',
61 warn ERESOLVE       version: '8.18.2',
61 warn ERESOLVE       path: '/Users/mac/Desktop/accezz-supabase/node_modules/@typescript-eslint/type-utils'
61 warn ERESOLVE     },
61 warn ERESOLVE     location: 'node_modules/typescript',
61 warn ERESOLVE     isWorkspace: false,
61 warn ERESOLVE     dependents: [ [Object] ]
61 warn ERESOLVE   },
61 warn ERESOLVE   force: false,
61 warn ERESOLVE   isMine: false,
61 warn ERESOLVE   strictPeerDeps: false,
61 warn ERESOLVE   current: {
61 warn ERESOLVE     name: 'typescript',
61 warn ERESOLVE     version: '5.9.3',
61 warn ERESOLVE     location: 'node_modules/typescript',
61 warn ERESOLVE     isWorkspace: false,
61 warn ERESOLVE     dependents: [ [Object], [Object], [Object], [Object], [Object] ]
61 warn ERESOLVE   },
61 warn ERESOLVE   peerConflict: {
61 warn ERESOLVE     current: {
61 warn ERESOLVE       name: 'typescript',
61 warn ERESOLVE       version: '5.9.3',
61 warn ERESOLVE       location: 'node_modules/typescript',
61 warn ERESOLVE       isWorkspace: false,
61 warn ERESOLVE       dependents: [Array]
61 warn ERESOLVE     },
61 warn ERESOLVE     peer: {
61 warn ERESOLVE       name: 'typescript',
61 warn ERESOLVE       version: '5.7.3',
61 warn ERESOLVE       whileInstalling: [Object],
61 warn ERESOLVE       location: 'node_modules/typescript',
61 warn ERESOLVE       isWorkspace: false,
61 warn ERESOLVE       dependents: [Array]
61 warn ERESOLVE     }
61 warn ERESOLVE   }
61 warn ERESOLVE }
62 warn ERESOLVE overriding peer dependency {
62 warn ERESOLVE   code: 'ERESOLVE',
62 warn ERESOLVE   edge: {
62 warn ERESOLVE     type: 'peer',
62 warn ERESOLVE     name: 'typescript',
62 warn ERESOLVE     spec: '>=4.8.4 <5.8.0',
62 warn ERESOLVE     error: 'INVALID',
62 warn ERESOLVE     from: {
62 warn ERESOLVE       name: '@typescript-eslint/typescript-estree',
62 warn ERESOLVE       version: '8.18.2',
62 warn ERESOLVE       location: 'node_modules/@typescript-eslint/typescript-estree',
62 warn ERESOLVE       isWorkspace: false,
62 warn ERESOLVE       dependents: [Array]
62 warn ERESOLVE     }
62 warn ERESOLVE   },
62 warn ERESOLVE   dep: {
62 warn ERESOLVE     name: 'typescript',
62 warn ERESOLVE     version: '5.7.3',
62 warn ERESOLVE     whileInstalling: {
62 warn ERESOLVE       name: '@typescript-eslint/typescript-estree',
62 warn ERESOLVE       version: '8.18.2',
62 warn ERESOLVE       path: '/Users/mac/Desktop/accezz-supabase/node_modules/@typescript-eslint/typescript-estree'
62 warn ERESOLVE     },
62 warn ERESOLVE     location: 'node_modules/typescript',
62 warn ERESOLVE     isWorkspace: false,
62 warn ERESOLVE     dependents: [ [Object] ]
62 warn ERESOLVE   },
62 warn ERESOLVE   force: false,
62 warn ERESOLVE   isMine: false,
62 warn ERESOLVE   strictPeerDeps: false,
62 warn ERESOLVE   current: {
62 warn ERESOLVE     name: 'typescript',
62 warn ERESOLVE     version: '5.9.3',
62 warn ERESOLVE     location: 'node_modules/typescript',
62 warn ERESOLVE     isWorkspace: false,
62 warn ERESOLVE     dependents: [ [Object], [Object], [Object], [Object], [Object] ]
62 warn ERESOLVE   },
62 warn ERESOLVE   peerConflict: {
62 warn ERESOLVE     current: {
62 warn ERESOLVE       name: 'typescript',
62 warn ERESOLVE       version: '5.9.3',
62 warn ERESOLVE       location: 'node_modules/typescript',
62 warn ERESOLVE       isWorkspace: false,
62 warn ERESOLVE       dependents: [Array]
62 warn ERESOLVE     },
62 warn ERESOLVE     peer: {
62 warn ERESOLVE       name: 'typescript',
62 warn ERESOLVE       version: '5.7.3',
62 warn ERESOLVE       whileInstalling: [Object],
62 warn ERESOLVE       location: 'node_modules/typescript',
62 warn ERESOLVE       isWorkspace: false,
62 warn ERESOLVE       dependents: [Array]
62 warn ERESOLVE     }
62 warn ERESOLVE   }
62 warn ERESOLVE }
63 warn ERESOLVE overriding peer dependency {
63 warn ERESOLVE   code: 'ERESOLVE',
63 warn ERESOLVE   edge: {
63 warn ERESOLVE     type: 'peer',
63 warn ERESOLVE     name: 'typescript',
63 warn ERESOLVE     spec: '>=4.8.4 <5.8.0',
63 warn ERESOLVE     error: 'INVALID',
63 warn ERESOLVE     from: {
63 warn ERESOLVE       name: '@typescript-eslint/utils',
63 warn ERESOLVE       version: '8.18.2',
63 warn ERESOLVE       location: 'node_modules/@typescript-eslint/utils',
63 warn ERESOLVE       isWorkspace: false,
63 warn ERESOLVE       dependents: [Array]
63 warn ERESOLVE     }
63 warn ERESOLVE   },
63 warn ERESOLVE   dep: {
63 warn ERESOLVE     name: 'typescript',
63 warn ERESOLVE     version: '5.7.3',
63 warn ERESOLVE     whileInstalling: {
63 warn ERESOLVE       name: '@typescript-eslint/utils',
63 warn ERESOLVE       version: '8.18.2',
63 warn ERESOLVE       path: '/Users/mac/Desktop/accezz-supabase/node_modules/@typescript-eslint/utils'
63 warn ERESOLVE     },
63 warn ERESOLVE     location: 'node_modules/typescript',
63 warn ERESOLVE     isWorkspace: false,
63 warn ERESOLVE     dependents: [ [Object] ]
63 warn ERESOLVE   },
63 warn ERESOLVE   force: false,
63 warn ERESOLVE   isMine: false,
63 warn ERESOLVE   strictPeerDeps: false,
63 warn ERESOLVE   current: {
63 warn ERESOLVE     name: 'typescript',
63 warn ERESOLVE     version: '5.9.3',
63 warn ERESOLVE     location: 'node_modules/typescript',
63 warn ERESOLVE     isWorkspace: false,
63 warn ERESOLVE     dependents: [ [Object], [Object], [Object], [Object], [Object] ]
63 warn ERESOLVE   },
63 warn ERESOLVE   peerConflict: {
63 warn ERESOLVE     current: {
63 warn ERESOLVE       name: 'typescript',
63 warn ERESOLVE       version: '5.9.3',
63 warn ERESOLVE       location: 'node_modules/typescript',
63 warn ERESOLVE       isWorkspace: false,
63 warn ERESOLVE       dependents: [Array]
63 warn ERESOLVE     },
63 warn ERESOLVE     peer: {
63 warn ERESOLVE       name: 'typescript',
63 warn ERESOLVE       version: '5.7.3',
63 warn ERESOLVE       whileInstalling: [Object],
63 warn ERESOLVE       location: 'node_modules/typescript',
63 warn ERESOLVE       isWorkspace: false,
63 warn ERESOLVE       dependents: [Array]
63 warn ERESOLVE     }
63 warn ERESOLVE   }
63 warn ERESOLVE }
64 silly placeDep ROOT @next/env@15.3.8 OK for: next@15.3.8 want: 15.3.8
65 silly fetch manifest react@^16.8.0 || ^17.0.0 || ^18.0.0
66 silly packumentCache full:https://registry.npmjs.org/react cache-miss
67 http cache https://registry.npmjs.org/react 17ms (cache hit)
68 silly packumentCache full:https://registry.npmjs.org/react set size:6344067 disposed:false
69 verbose stack Error: could not resolve
69 verbose stack     at PlaceDep.failPeerConflict (/usr/local/lib/node_modules/npm/node_modules/@npmcli/arborist/lib/place-dep.js:503:25)
69 verbose stack     at new PlaceDep (/usr/local/lib/node_modules/npm/node_modules/@npmcli/arborist/lib/place-dep.js:157:21)
69 verbose stack     at #buildDepStep (/usr/local/lib/node_modules/npm/node_modules/@npmcli/arborist/lib/arborist/build-ideal-tree.js:920:18)
69 verbose stack     at async Arborist.buildIdealTree (/usr/local/lib/node_modules/npm/node_modules/@npmcli/arborist/lib/arborist/build-ideal-tree.js:181:7)
69 verbose stack     at async Promise.all (index 1)
69 verbose stack     at async Arborist.reify (/usr/local/lib/node_modules/npm/node_modules/@npmcli/arborist/lib/arborist/reify.js:131:5)
69 verbose stack     at async Install.exec (/usr/local/lib/node_modules/npm/lib/commands/install.js:150:5)
69 verbose stack     at async Npm.exec (/usr/local/lib/node_modules/npm/lib/npm.js:207:9)
69 verbose stack     at async module.exports (/usr/local/lib/node_modules/npm/lib/cli/entry.js:74:5)
70 error code ERESOLVE
71 error ERESOLVE could not resolve
72 error
73 error While resolving: react-chartjs-2@5.2.0
73 error Found: react@19.2.3
73 error node_modules/react
73 error   peer react@">=16.8.0" from @emotion/react@11.14.0
73 error   node_modules/@emotion/react
73 error     peer @emotion/react@"^11.0.0-rc.0" from @emotion/styled@11.14.0
73 error     node_modules/@emotion/styled
73 error       peerOptional @emotion/styled@"^11.3.0" from @mui/material@6.4.11
73 error       node_modules/@mui/material
73 error         peer @mui/material@"^6.3.0" from @mui/icons-material@6.3.0
73 error         node_modules/@mui/icons-material
73 error         1 more (the root project)
73 error       3 more (@mui/styled-engine, @mui/system, the root project)
73 error     peerOptional @emotion/react@"^11.5.0" from @mui/material@6.4.11
73 error     node_modules/@mui/material
73 error       peer @mui/material@"^6.3.0" from @mui/icons-material@6.3.0
73 error       node_modules/@mui/icons-material
73 error         @mui/icons-material@"^6.1.6" from the root project
73 error       1 more (the root project)
73 error     3 more (@mui/styled-engine, @mui/system, the root project)
73 error   peer react@">=16.8.0" from @emotion/styled@11.14.0
73 error   node_modules/@emotion/styled
73 error     peerOptional @emotion/styled@"^11.3.0" from @mui/material@6.4.11
73 error     node_modules/@mui/material
73 error       peer @mui/material@"^6.3.0" from @mui/icons-material@6.3.0
73 error       node_modules/@mui/icons-material
73 error         @mui/icons-material@"^6.1.6" from the root project
73 error       1 more (the root project)
73 error     peerOptional @emotion/styled@"^11.3.0" from @mui/styled-engine@6.4.11
73 error     node_modules/@mui/styled-engine
73 error       @mui/styled-engine@"^6.4.11" from @mui/system@6.4.11
73 error       node_modules/@mui/system
73 error         @mui/system@"^6.4.11" from @mui/material@6.4.11
73 error         node_modules/@mui/material
73 error     2 more (@mui/system, the root project)
73 error   32 more (@emotion/use-insertion-effect-with-fallbacks, ...)
73 error
73 error Could not resolve dependency:
73 error peer react@"^16.8.0 || ^17.0.0 || ^18.0.0" from react-chartjs-2@5.2.0
73 error node_modules/react-chartjs-2
73 error   react-chartjs-2@"^5.2.0" from the root project
73 error
73 error Conflicting peer dependency: react@18.3.1
73 error node_modules/react
73 error   peer react@"^16.8.0 || ^17.0.0 || ^18.0.0" from react-chartjs-2@5.2.0
73 error   node_modules/react-chartjs-2
73 error     react-chartjs-2@"^5.2.0" from the root project
73 error
73 error Fix the upstream dependency conflict, or retry
73 error this command with --force or --legacy-peer-deps
73 error to accept an incorrect (and potentially broken) dependency resolution.
74 error
74 error
74 error For a full report see:
74 error /Users/mac/Desktop/accezz-supabase/.npm-cache/_logs/2025-12-12T14_02_08_762Z-eresolve-report.txt
75 silly unfinished npm timer reify 1765548129076
76 silly unfinished npm timer reify:loadTrees 1765548129079
77 silly unfinished npm timer idealTree:buildDeps 1765548129783
78 silly unfinished npm timer idealTree:node_modules/react-chartjs-2 1765548136309
79 verbose cwd /Users/mac/Desktop/accezz-supabase
80 verbose os Darwin 24.6.0
81 verbose node v22.20.0
82 verbose npm  v10.9.3
83 verbose exit 1
84 verbose code 1
85 error A complete log of this run can be found in: /Users/mac/Desktop/accezz-supabase/.npm-cache/_logs/2025-12-12T14_02_08_762Z-debug-0.log
