0 verbose cli /usr/local/bin/node /usr/local/bin/npm
1 info using npm@10.9.3
2 info using node@v22.20.0
3 silly config load:file:/usr/local/lib/node_modules/npm/npmrc
4 silly config load:file:/Users/mac/Desktop/accezz-supabase/.npmrc
5 silly config load:file:/Users/mac/.npmrc
6 silly config load:file:/usr/local/etc/npmrc
7 verbose title npm install next@latest react@latest react-dom@latest eslint-config-next@latest
8 verbose argv "install" "next@latest" "react@latest" "react-dom@latest" "eslint-config-next@latest"
9 verbose logfile logs-max:10 dir:/Users/mac/Desktop/accezz-supabase/.npm-cache/_logs/2025-12-12T13_53_59_916Z-
10 verbose logfile /Users/mac/Desktop/accezz-supabase/.npm-cache/_logs/2025-12-12T13_53_59_916Z-debug-0.log
11 silly logfile start cleaning logs, removing 1 files
12 silly packumentCache heap:4345298944 maxSize:1086324736 maxEntrySize:543162368
13 silly logfile done cleaning log files
14 silly packumentCache corgi:https://registry.npmjs.org/next cache-miss
15 silly packumentCache corgi:https://registry.npmjs.org/react cache-miss
16 silly packumentCache corgi:https://registry.npmjs.org/react-dom cache-miss
17 silly packumentCache corgi:https://registry.npmjs.org/eslint-config-next cache-miss
18 http fetch GET 200 https://registry.npmjs.org/react 6572ms (cache miss)
19 silly packumentCache corgi:https://registry.npmjs.org/react set size:undefined disposed:false
20 http fetch GET 200 https://registry.npmjs.org/next 10711ms (cache updated)
21 silly packumentCache corgi:https://registry.npmjs.org/next set size:undefined disposed:false
22 http fetch GET 200 https://registry.npmjs.org/eslint-config-next 10995ms (cache miss)
23 silly packumentCache corgi:https://registry.npmjs.org/eslint-config-next set size:undefined disposed:false
24 http fetch GET 200 https://registry.npmjs.org/react-dom 12533ms (cache miss)
25 silly packumentCache corgi:https://registry.npmjs.org/react-dom set size:undefined disposed:false
26 silly idealTree buildDeps
27 silly fetch manifest next@16.0.10
28 silly packumentCache full:https://registry.npmjs.org/next cache-miss
29 http fetch GET 200 https://registry.npmjs.org/next 12214ms (cache updated)
30 silly packumentCache full:https://registry.npmjs.org/next set size:undefined disposed:false
31 silly fetch manifest @opentelemetry/api@^1.1.0
32 silly packumentCache full:https://registry.npmjs.org/@opentelemetry%2fapi cache-miss
33 http fetch GET 200 https://registry.npmjs.org/@opentelemetry%2fapi 290ms (cache revalidated)
34 silly packumentCache full:https://registry.npmjs.org/@opentelemetry%2fapi set size:455567 disposed:false
35 silly fetch manifest @playwright/test@^1.51.1
36 silly packumentCache full:https://registry.npmjs.org/@playwright%2ftest cache-miss
37 http fetch GET 200 https://registry.npmjs.org/@playwright%2ftest 2045ms (cache updated)
38 silly packumentCache full:https://registry.npmjs.org/@playwright%2ftest set size:undefined disposed:false
39 silly fetch manifest babel-plugin-react-compiler@*
40 silly packumentCache full:https://registry.npmjs.org/babel-plugin-react-compiler cache-miss
41 http fetch GET 200 https://registry.npmjs.org/babel-plugin-react-compiler 387ms (cache updated)
42 silly packumentCache full:https://registry.npmjs.org/babel-plugin-react-compiler set size:undefined disposed:false
43 silly fetch manifest react@19.2.3
44 silly packumentCache full:https://registry.npmjs.org/react cache-miss
45 http fetch GET 200 https://registry.npmjs.org/react 5502ms (cache updated)
46 silly packumentCache full:https://registry.npmjs.org/react set size:undefined disposed:false
47 silly fetch manifest react-dom@19.2.3
48 silly packumentCache full:https://registry.npmjs.org/react-dom cache-miss
49 http fetch GET 200 https://registry.npmjs.org/react-dom 5187ms (cache updated)
50 silly packumentCache full:https://registry.npmjs.org/react-dom set size:undefined disposed:false
51 silly fetch manifest sass@^1.3.0
52 silly packumentCache full:https://registry.npmjs.org/sass cache-miss
53 http fetch GET 200 https://registry.npmjs.org/sass 479ms (cache updated)
54 silly packumentCache full:https://registry.npmjs.org/sass set size:undefined disposed:false
55 silly fetch manifest eslint-config-next@16.0.10
56 silly packumentCache full:https://registry.npmjs.org/eslint-config-next cache-miss
57 http fetch GET 200 https://registry.npmjs.org/eslint-config-next 1800ms (cache miss)
58 silly packumentCache full:https://registry.npmjs.org/eslint-config-next set size:undefined disposed:false
59 silly fetch manifest eslint@^8
60 silly packumentCache full:https://registry.npmjs.org/eslint cache-miss
61 http fetch GET 200 https://registry.npmjs.org/eslint 1072ms (cache miss)
62 silly packumentCache full:https://registry.npmjs.org/eslint set size:undefined disposed:false
63 silly fetch manifest eslint@>=9.0.0
64 silly packumentCache full:https://registry.npmjs.org/eslint cache-miss
65 http cache https://registry.npmjs.org/eslint 8ms (cache hit)
66 silly packumentCache full:https://registry.npmjs.org/eslint set size:1866183 disposed:false
67 verbose stack Error: unable to resolve dependency tree
67 verbose stack     at #failPeerConflict (/usr/local/lib/node_modules/npm/node_modules/@npmcli/arborist/lib/arborist/build-ideal-tree.js:1363:25)
67 verbose stack     at #loadPeerSet (/usr/local/lib/node_modules/npm/node_modules/@npmcli/arborist/lib/arborist/build-ideal-tree.js:1329:33)
67 verbose stack     at async #buildDepStep (/usr/local/lib/node_modules/npm/node_modules/@npmcli/arborist/lib/arborist/build-ideal-tree.js:904:11)
67 verbose stack     at async Arborist.buildIdealTree (/usr/local/lib/node_modules/npm/node_modules/@npmcli/arborist/lib/arborist/build-ideal-tree.js:181:7)
67 verbose stack     at async Promise.all (index 1)
67 verbose stack     at async Arborist.reify (/usr/local/lib/node_modules/npm/node_modules/@npmcli/arborist/lib/arborist/reify.js:131:5)
67 verbose stack     at async Install.exec (/usr/local/lib/node_modules/npm/lib/commands/install.js:150:5)
67 verbose stack     at async Npm.exec (/usr/local/lib/node_modules/npm/lib/npm.js:207:9)
67 verbose stack     at async module.exports (/usr/local/lib/node_modules/npm/lib/cli/entry.js:74:5)
68 error code ERESOLVE
69 error ERESOLVE unable to resolve dependency tree
70 error
71 error While resolving: Accezz@0.2.0
71 error Found: eslint@8.57.1
71 error node_modules/eslint
71 error   dev eslint@"^8" from the root project
71 error
71 error Could not resolve dependency:
71 error peer eslint@">=9.0.0" from eslint-config-next@16.0.10
71 error node_modules/eslint-config-next
71 error   dev eslint-config-next@"16.0.10" from the root project
71 error
71 error Fix the upstream dependency conflict, or retry
71 error this command with --force or --legacy-peer-deps
71 error to accept an incorrect (and potentially broken) dependency resolution.
72 error
72 error
72 error For a full report see:
72 error /Users/mac/Desktop/accezz-supabase/.npm-cache/_logs/2025-12-12T13_53_59_916Z-eresolve-report.txt
73 silly unfinished npm timer reify 1765547640364
74 silly unfinished npm timer reify:loadTrees 1765547640365
75 silly unfinished npm timer idealTree:buildDeps 1765547653509
76 silly unfinished npm timer idealTree:#root 1765547653511
77 verbose cwd /Users/mac/Desktop/accezz-supabase
78 verbose os Darwin 24.6.0
79 verbose node v22.20.0
80 verbose npm  v10.9.3
81 verbose exit 1
82 verbose code 1
83 error A complete log of this run can be found in: /Users/mac/Desktop/accezz-supabase/.npm-cache/_logs/2025-12-12T13_53_59_916Z-debug-0.log
