0 verbose cli /Users/mac/Library/Application Support/Herd/config/nvm/versions/node/v24.13.0/bin/node /Users/mac/Library/Application Support/Herd/config/nvm/versions/node/v24.13.0/lib/node_modules/npm/bin/npm-cli.js
1 info using npm@11.6.2
2 info using node@v24.13.0
3 silly config load:file:/Users/mac/Library/Application Support/Herd/config/nvm/versions/node/v24.13.0/lib/node_modules/npm/npmrc
4 silly config load:file:/Users/mac/Desktop/accezz-supabase/.npmrc
5 silly config load:file:/Users/mac/.npmrc
6 silly config load:file:/Users/mac/Library/Application Support/Herd/config/nvm/versions/node/v24.13.0/etc/npmrc
7 verbose title npm exec update-browserslist-db@latest
8 verbose argv "exec" "--" "update-browserslist-db@latest"
9 verbose logfile logs-max:10 dir:/Users/mac/Desktop/accezz-supabase/.npm-cache/_logs/2026-01-15T23_37_10_651Z-
10 verbose logfile /Users/mac/Desktop/accezz-supabase/.npm-cache/_logs/2026-01-15T23_37_10_651Z-debug-0.log
11 silly logfile start cleaning logs, removing 1 files
12 silly logfile done cleaning log files
13 silly packumentCache heap:4496293888 maxSize:1124073472 maxEntrySize:562036736
14 http fetch GET 200 https://registry.npmjs.org/update-browserslist-db 643ms (cache miss)
15 silly packumentCache heap:4496293888 maxSize:1124073472 maxEntrySize:562036736
16 silly packumentCache heap:4496293888 maxSize:1124073472 maxEntrySize:562036736
17 silly idealTree buildDeps
18 silly fetch manifest update-browserslist-db@1.2.3
19 silly packumentCache full:https://registry.npmjs.org/update-browserslist-db cache-miss
20 http fetch GET 200 https://registry.npmjs.org/update-browserslist-db 150ms (cache miss)
21 silly packumentCache full:https://registry.npmjs.org/update-browserslist-db set size:undefined disposed:false
22 silly placeDep ROOT update-browserslist-db@1.2.3 OK for:  want: 1.2.3
23 silly fetch manifest escalade@^3.2.0
24 silly packumentCache full:https://registry.npmjs.org/escalade cache-miss
25 silly fetch manifest picocolors@^1.1.1
26 silly packumentCache full:https://registry.npmjs.org/picocolors cache-miss
27 http fetch GET 200 https://registry.npmjs.org/escalade 156ms (cache miss)
28 silly packumentCache full:https://registry.npmjs.org/escalade set size:undefined disposed:false
29 http fetch GET 200 https://registry.npmjs.org/picocolors 871ms (cache miss)
30 silly packumentCache full:https://registry.npmjs.org/picocolors set size:undefined disposed:false
31 silly placeDep ROOT escalade@3.2.0 OK for: update-browserslist-db@1.2.3 want: ^3.2.0
32 silly placeDep ROOT picocolors@1.1.1 OK for: update-browserslist-db@1.2.3 want: ^1.1.1
33 silly reify moves {}
34 silly audit bulk request {
34 silly audit   'update-browserslist-db': [ '1.2.3' ],
34 silly audit   escalade: [ '3.2.0' ],
34 silly audit   picocolors: [ '1.1.1' ]
34 silly audit }
35 http cache picocolors@https://registry.npmjs.org/picocolors/-/picocolors-1.1.1.tgz 0ms (cache hit)
36 http cache escalade@https://registry.npmjs.org/escalade/-/escalade-3.2.0.tgz 0ms (cache hit)
37 http cache update-browserslist-db@https://registry.npmjs.org/update-browserslist-db/-/update-browserslist-db-1.2.3.tgz 0ms (cache hit)
38 silly tarball no local data for picocolors@https://registry.npmjs.org/picocolors/-/picocolors-1.1.1.tgz. Extracting by manifest.
39 silly tarball no local data for escalade@https://registry.npmjs.org/escalade/-/escalade-3.2.0.tgz. Extracting by manifest.
40 silly tarball no local data for update-browserslist-db@https://registry.npmjs.org/update-browserslist-db/-/update-browserslist-db-1.2.3.tgz. Extracting by manifest.
41 http fetch GET 200 https://registry.npmjs.org/picocolors/-/picocolors-1.1.1.tgz 245ms (cache miss)
42 http fetch POST 200 https://registry.npmjs.org/-/npm/v1/security/advisories/bulk 469ms
43 silly audit report {}
44 http fetch GET 200 https://registry.npmjs.org/escalade/-/escalade-3.2.0.tgz 476ms (cache miss)
45 http fetch GET 200 https://registry.npmjs.org/update-browserslist-db/-/update-browserslist-db-1.2.3.tgz 485ms (cache miss)
46 verbose cwd /Users/mac/Desktop/accezz-supabase
47 verbose os Darwin 24.6.0
48 verbose node v24.13.0
49 verbose npm  v11.6.2
50 verbose exit 0
51 info ok
